// Vitest Snapshot v1, https://vitest.dev/guide/snapshot.html

exports[`renderSuggestionCopy（文案模板机制） > auto-review-in-flight：快照锁定 + 带工单标题上下文 + 说清「无需操作」 1`] = `
{
  "hint": "系统正在自动审查这张工单，无需操作；有结果后这里会更新",
  "label": "等待自动评审：《登录功能》",
}
`;

exports[`renderSuggestionCopy（文案模板机制） > claim-wu：快照锁定 + 带工单上下文 + hint 说清点击后果 1`] = `
{
  "hint": "这张工单一直没有人接手；点击确认后会把它认领给你，并在频道里发一条认领说明",
  "label": "认领工单：《登录功能》",
}
`;

exports[`renderSuggestionCopy（文案模板机制） > redispatch-review：快照锁定 + 带工单上下文 + hint 说清点击后果 1`] = `
{
  "hint": "这张工单的自动审查迟迟没有开始；点击确认后会立即创建审查工单，交给频道里的成员审查",
  "label": "补派评审：《登录功能》",
}
`;
